==================== 2026-05-25T20:03:57.220692Z | de6da935-2ff7-4611-9459-857e8cb93332 ====================
20:03:57.220733 [info ]: Starting dbt LSP server
20:03:57.220749 [info ]: Connecting to LSP client on port 37705
20:03:57.220906 [info ]: Successfully connected to LSP client
20:03:57.220916 [info ]: Creating LSP service...
20:03:57.274951 [info ]: Creating LSP server...
20:03:57.274979 [info ]: Starting LSP server...
20:03:57.620983 [info ]: Started loading project
20:03:57.621083 [info ]: Finished loading project [  0.00s]
20:06:20.486725 [info ]: Loading profiles.yml
==================== 2026-05-25T20:09:57.546167Z | d3c017e7-9c74-4f56-85d1-4b39591b062a ====================
20:09:57.546203 [info ]: Starting dbt LSP server
20:09:57.546221 [info ]: Connecting to LSP client on port 42485
20:09:57.546378 [info ]: Successfully connected to LSP client
20:09:57.546387 [info ]: Creating LSP service...
20:09:57.600365 [info ]: Creating LSP server...
20:09:57.600392 [info ]: Starting LSP server...
20:09:58.326085 [info ]: Started loading project
20:09:58.326188 [info ]: Finished loading project [  0.00s]
==================== 2026-05-25T20:11:35.588350Z | f6e98abc-aa58-4bd5-881a-f0977fdde695 ====================
20:11:35.588388 [info ]: Starting dbt LSP server
20:11:35.588400 [info ]: Connecting to LSP client on port 58161
20:11:35.588554 [info ]: Successfully connected to LSP client
20:11:35.588562 [info ]: Creating LSP service...
20:11:35.642603 [info ]: Creating LSP server...
20:11:35.642630 [info ]: Starting LSP server...
20:11:36.376160 [info ]: Started loading project
20:11:36.376259 [info ]: Finished loading project [  0.00s]
==================== 2026-05-25T20:13:36.952541Z | 3f18bd9a-c7bb-4f39-a127-dc0f74c911d9 ====================
20:13:36.952578 [info ]: Starting dbt LSP server
20:13:36.952595 [info ]: Connecting to LSP client on port 41395
20:13:36.952747 [info ]: Successfully connected to LSP client
20:13:36.952755 [info ]: Creating LSP service...
20:13:37.006690 [info ]: Creating LSP server...
20:13:37.006714 [info ]: Starting LSP server...
20:13:37.776058 [info ]: Started loading project
20:13:37.776158 [info ]: Finished loading project [  0.00s]
==================== 2026-05-25T20:13:50.044455Z | 4be62a6c-fc05-4e8c-b124-f092c0389152 ====================
20:13:50.044493 [info ]: Starting dbt LSP server
20:13:50.044511 [info ]: Connecting to LSP client on port 38605
20:13:50.044659 [info ]: Successfully connected to LSP client
20:13:50.044669 [info ]: Creating LSP service...
20:13:50.098308 [info ]: Creating LSP server...
20:13:50.098332 [info ]: Starting LSP server...
20:13:51.086034 [info ]: Started loading project
20:13:51.086130 [info ]: Finished loading project [  0.00s]
21:05:52.016120 [info ]: Started loading project
21:05:52.016178 [info ]: Finished loading project [  0.00s]
